Archive member included to satisfy reference by file (symbol)

H:/STM32CubeIDE_1.14.1/STM32CubeIDE/plugins/com.st.stm32cube.ide.mcu.externaltools.gnu-tools-for-stm32.11.3.rel1.win32_1.1.100.202309141235/tools/bin/../lib/gcc/arm-none-eabi/11.3.1/../../../../arm-none-eabi/lib/thumb/v7e-m+fp/hard\libc_nano.a(libc_a-exit.o)
                              H:/STM32CubeIDE_1.14.1/STM32CubeIDE/plugins/com.st.stm32cube.ide.mcu.externaltools.gnu-tools-for-stm32.11.3.rel1.win32_1.1.100.202309141235/tools/bin/../lib/gcc/arm-none-eabi/11.3.1/../../../../arm-none-eabi/lib/thumb/v7e-m+fp/hard/crt0.o (exit)
H:/STM32CubeIDE_1.14.1/STM32CubeIDE/plugins/com.st.stm32cube.ide.mcu.externaltools.gnu-tools-for-stm32.11.3.rel1.win32_1.1.100.202309141235/tools/bin/../lib/gcc/arm-none-eabi/11.3.1/../../../../arm-none-eabi/lib/thumb/v7e-m+fp/hard\libc_nano.a(libc_a-findfp.o)
                              H:/STM32CubeIDE_1.14.1/STM32CubeIDE/plugins/com.st.stm32cube.ide.mcu.externaltools.gnu-tools-for-stm32.11.3.rel1.win32_1.1.100.202309141235/tools/bin/../lib/gcc/arm-none-eabi/11.3.1/../../../../arm-none-eabi/lib/thumb/v7e-m+fp/hard\libc_nano.a(libc_a-exit.o) (__stdio_exit_handler)
H:/STM32CubeIDE_1.14.1/STM32CubeIDE/plugins/com.st.stm32cube.ide.mcu.externaltools.gnu-tools-for-stm32.11.3.rel1.win32_1.1.100.202309141235/tools/bin/../lib/gcc/arm-none-eabi/11.3.1/../../../../arm-none-eabi/lib/thumb/v7e-m+fp/hard\libc_nano.a(libc_a-fwalk.o)
                              H:/STM32CubeIDE_1.14.1/STM32CubeIDE/plugins/com.st.stm32cube.ide.mcu.externaltools.gnu-tools-for-stm32.11.3.rel1.win32_1.1.100.202309141235/tools/bin/../lib/gcc/arm-none-eabi/11.3.1/../../../../arm-none-eabi/lib/thumb/v7e-m+fp/hard\libc_nano.a(libc_a-findfp.o) (_fwalk_sglue)
H:/STM32CubeIDE_1.14.1/STM32CubeIDE/plugins/com.st.stm32cube.ide.mcu.externaltools.gnu-tools-for-stm32.11.3.rel1.win32_1.1.100.202309141235/tools/bin/../lib/gcc/arm-none-eabi/11.3.1/../../../../arm-none-eabi/lib/thumb/v7e-m+fp/hard\libc_nano.a(libc_a-stdio.o)
                              H:/STM32CubeIDE_1.14.1/STM32CubeIDE/plugins/com.st.stm32cube.ide.mcu.externaltools.gnu-tools-for-stm32.11.3.rel1.win32_1.1.100.202309141235/tools/bin/../lib/gcc/arm-none-eabi/11.3.1/../../../../arm-none-eabi/lib/thumb/v7e-m+fp/hard\libc_nano.a(libc_a-findfp.o) (__sread)
H:/STM32CubeIDE_1.14.1/STM32CubeIDE/plugins/com.st.stm32cube.ide.mcu.externaltools.gnu-tools-for-stm32.11.3.rel1.win32_1.1.100.202309141235/tools/bin/../lib/gcc/arm-none-eabi/11.3.1/../../../../arm-none-eabi/lib/thumb/v7e-m+fp/hard\libc_nano.a(libc_a-memset.o)
                              H:/STM32CubeIDE_1.14.1/STM32CubeIDE/plugins/com.st.stm32cube.ide.mcu.externaltools.gnu-tools-for-stm32.11.3.rel1.win32_1.1.100.202309141235/tools/bin/../lib/gcc/arm-none-eabi/11.3.1/../../../../arm-none-eabi/lib/thumb/v7e-m+fp/hard/crt0.o (memset)
H:/STM32CubeIDE_1.14.1/STM32CubeIDE/plugins/com.st.stm32cube.ide.mcu.externaltools.gnu-tools-for-stm32.11.3.rel1.win32_1.1.100.202309141235/tools/bin/../lib/gcc/arm-none-eabi/11.3.1/../../../../arm-none-eabi/lib/thumb/v7e-m+fp/hard\libc_nano.a(libc_a-closer.o)
                              H:/STM32CubeIDE_1.14.1/STM32CubeIDE/plugins/com.st.stm32cube.ide.mcu.externaltools.gnu-tools-for-stm32.11.3.rel1.win32_1.1.100.202309141235/tools/bin/../lib/gcc/arm-none-eabi/11.3.1/../../../../arm-none-eabi/lib/thumb/v7e-m+fp/hard\libc_nano.a(libc_a-stdio.o) (_close_r)
H:/STM32CubeIDE_1.14.1/STM32CubeIDE/plugins/com.st.stm32cube.ide.mcu.externaltools.gnu-tools-for-stm32.11.3.rel1.win32_1.1.100.202309141235/tools/bin/../lib/gcc/arm-none-eabi/11.3.1/../../../../arm-none-eabi/lib/thumb/v7e-m+fp/hard\libc_nano.a(libc_a-reent.o)
                              H:/STM32CubeIDE_1.14.1/STM32CubeIDE/plugins/com.st.stm32cube.ide.mcu.externaltools.gnu-tools-for-stm32.11.3.rel1.win32_1.1.100.202309141235/tools/bin/../lib/gcc/arm-none-eabi/11.3.1/../../../../arm-none-eabi/lib/thumb/v7e-m+fp/hard\libc_nano.a(libc_a-closer.o) (errno)
H:/STM32CubeIDE_1.14.1/STM32CubeIDE/plugins/com.st.stm32cube.ide.mcu.externaltools.gnu-tools-for-stm32.11.3.rel1.win32_1.1.100.202309141235/tools/bin/../lib/gcc/arm-none-eabi/11.3.1/../../../../arm-none-eabi/lib/thumb/v7e-m+fp/hard\libc_nano.a(libc_a-impure.o)
                              H:/STM32CubeIDE_1.14.1/STM32CubeIDE/plugins/com.st.stm32cube.ide.mcu.externaltools.gnu-tools-for-stm32.11.3.rel1.win32_1.1.100.202309141235/tools/bin/../lib/gcc/arm-none-eabi/11.3.1/../../../../arm-none-eabi/lib/thumb/v7e-m+fp/hard\libc_nano.a(libc_a-reent.o) (_impure_ptr)
H:/STM32CubeIDE_1.14.1/STM32CubeIDE/plugins/com.st.stm32cube.ide.mcu.externaltools.gnu-tools-for-stm32.11.3.rel1.win32_1.1.100.202309141235/tools/bin/../lib/gcc/arm-none-eabi/11.3.1/../../../../arm-none-eabi/lib/thumb/v7e-m+fp/hard\libc_nano.a(libc_a-lseekr.o)
[...]
Memory Configuration

Name             Origin             Length             Attributes
RAM              0x0000000020000000 0x0000000000018000 xrw
RAM2             0x0000000010000000 0x0000000000008000 xrw
FLASH            0x0000000008000000 0x0000000000100000 xr
*default*        0x0000000000000000 0xffffffffffffffff

Linker script and memory map

LOAD H:/STM32CubeIDE_1.14.1/STM32CubeIDE/plugins/com.st.stm32cube.ide.mcu.externaltools.gnu-tools-for-stm32.11.3.rel1.win32_1.1.100.202309141235/tools/bin/../lib/gcc/arm-none-eabi/11.3.1/thumb/v7e-m+fp/hard/crti.o
LOAD H:/STM32CubeIDE_1.14.1/STM32CubeIDE/plugins/com.st.stm32cube.ide.mcu.externaltools.gnu-tools-for-stm32.11.3.rel1.win32_1.1.100.202309141235/tools/bin/../lib/gcc/arm-none-eabi/11.3.1/thumb/v7e-m+fp/hard/crtbegin.o
LOAD H:/STM32CubeIDE_1.14.1/STM32CubeIDE/plugins/com.st.stm32cube.ide.mcu.externaltools.gnu-tools-for-stm32.11.3.rel1.win32_1.1.100.202309141235/tools/bin/../lib/gcc/arm-none-eabi/11.3.1/../../../../arm-none-eabi/lib/thumb/v7e-m+fp/hard/crt0.o
LOAD ./Core/MyLibraries/GPIO.o
LOAD ./Core/MyLibraries/SPI.o
LOAD ./Core/MyLibraries/USART.o
LOAD ./Core/Src/gpio.o
LOAD ./Core/Src/main.o
LOAD ./Core/Src/spi.o
LOAD ./Core/Src/stm32l4xx_it.o
LOAD ./Core/Src/syscalls.o
LOAD ./Core/Src/sysmem.o
LOAD ./Core/Src/system_stm32l4xx.o
LOAD ./Core/Src/usart.o
LOAD ./Core/Startup/startup_stm32l476rgtx.o
LOAD ./Drivers/STM32L4xx_HAL_Driver/Src/stm32l4xx_ll_dma.o
LOAD ./Drivers/STM32L4xx_HAL_Driver/Src/stm32l4xx_ll_exti.o
LOAD ./Drivers/STM32L4xx_HAL_Driver/Src/stm32l4xx_ll_gpio.o
LOAD ./Drivers/STM32L4xx_HAL_Driver/Src/stm32l4xx_ll_pwr.o
LOAD ./Drivers/STM32L4xx_HAL_Driver/Src/stm32l4xx_ll_rcc.o
LOAD ./Drivers/STM32L4xx_HAL_Driver/Src/stm32l4xx_ll_spi.o
LOAD ./Drivers/STM32L4xx_HAL_Driver/Src/stm32l4xx_ll_usart.o
LOAD ./Drivers/STM32L4xx_HAL_Driver/Src/stm32l4xx_ll_utils.o
START GROUP
LOAD H:/STM32CubeIDE_1.14.1/STM32CubeIDE/plugins/com.st.stm32cube.ide.mcu.externaltools.gnu-tools-for-stm32.11.3.rel1.win32_1.1.100.202309141235/tools/bin/../lib/gcc/arm-none-eabi/11.3.1/../../../../arm-none-eabi/lib/thumb/v7e-m+fp/hard\libc_nano.a
LOAD H:/STM32CubeIDE_1.14.1/STM32CubeIDE/plugins/com.st.stm32cube.ide.mcu.externaltools.gnu-tools-for-stm32.11.3.rel1.win32_1.1.100.202309141235/tools/bin/../lib/gcc/arm-none-eabi/11.3.1/../../../../arm-none-eabi/lib/thumb/v7e-m+fp/hard\libm.a
END GROUP
START GROUP
LOAD H:/STM32CubeIDE_1.14.1/STM32CubeIDE/plugins/com.st.stm32cube.ide.mcu.externaltools.gnu-tools-for-stm32.11.3.rel1.win32_1.1.100.202309141235/tools/bin/../lib/gcc/arm-none-eabi/11.3.1/thumb/v7e-m+fp/hard\libgcc.a
LOAD H:/STM32CubeIDE_1.14.1/STM32CubeIDE/plugins/com.st.stm32cube.ide.mcu.externaltools.gnu-tools-for-stm32.11.3.rel1.win32_1.1.100.202309141235/tools/bin/../lib/gcc/arm-none-eabi/11.3.1/../../../../arm-none-eabi/lib/thumb/v7e-m+fp/hard\libc_nano.a
END GROUP
START GROUP
LOAD H:/STM32CubeIDE_1.14.1/STM32CubeIDE/plugins/com.st.stm32cube.ide.mcu.externaltools.gnu-tools-for-stm32.11.3.rel1.win32_1.1.100.202309141235/tools/bin/../lib/gcc/arm-none-eabi/11.3.1/thumb/v7e-m+fp/hard\libgcc.a
LOAD H:/STM32CubeIDE_1.14.1/STM32CubeIDE/plugins/com.st.stm32cube.ide.mcu.externaltools.gnu-tools-for-stm32.11.3.rel1.win32_1.1.100.202309141235/tools/bin/../lib/gcc/arm-none-eabi/11.3.1/../../../../arm-none-eabi/lib/thumb/v7e-m+fp/hard\libc_nano.a
LOAD H:/STM32CubeIDE_1.14.1/STM32CubeIDE/plugins/com.st.stm32cube.ide.mcu.externaltools.gnu-tools-for-stm32.11.3.rel1.win32_1.1.100.202309141235/tools/bin/../lib/gcc/arm-none-eabi/11.3.1/../../../../arm-none-eabi/lib/thumb/v7e-m+fp/hard\libnosys.a
END GROUP
START GROUP
LOAD H:/STM32CubeIDE_1.14.1/STM32CubeIDE/plugins/com.st.stm32cube.ide.mcu.externaltools.gnu-tools-for-stm32.11.3.rel1.win32_1.1.100.202309141235/tools/bin/../lib/gcc/arm-none-eabi/11.3.1/thumb/v7e-m+fp/hard\libgcc.a
LOAD H:/STM32CubeIDE_1.14.1/STM32CubeIDE/plugins/com.st.stm32cube.ide.mcu.externaltools.gnu-tools-for-stm32.11.3.rel1.win32_1.1.100.202309141235/tools/bin/../lib/gcc/arm-none-eabi/11.3.1/../../../../arm-none-eabi/lib/thumb/v7e-m+fp/hard\libc_nano.a
LOAD H:/STM32CubeIDE_1.14.1/STM32CubeIDE/plugins/com.st.stm32cube.ide.mcu.externaltools.gnu-tools-for-stm32.11.3.rel1.win32_1.1.100.202309141235/tools/bin/../lib/gcc/arm-none-eabi/11.3.1/../../../../arm-none-eabi/lib/thumb/v7e-m+fp/hard\libnosys.a
END GROUP
LOAD H:/STM32CubeIDE_1.14.1/STM32CubeIDE/plugins/com.st.stm32cube.ide.mcu.externaltools.gnu-tools-for-stm32.11.3.rel1.win32_1.1.100.202309141235/tools/bin/../lib/gcc/arm-none-eabi/11.3.1/thumb/v7e-m+fp/hard/crtend.o
LOAD H:/STM32CubeIDE_1.14.1/STM32CubeIDE/plugins/com.st.stm32cube.ide.mcu.externaltools.gnu-tools-for-stm32.11.3.rel1.win32_1.1.100.202309141235/tools/bin/../lib/gcc/arm-none-eabi/11.3.1/thumb/v7e-m+fp/hard/crtn.o
                0x0000000020018000                _estack = (ORIGIN (RAM) + LENGTH (RAM))
                0x0000000000000200                _Min_Heap_Size = 0x200
                0x0000000000000400                _Min_Stack_Size = 0x400

.isr_vector     0x0000000008000000      0x188
                0x0000000008000000                . = ALIGN (0x4)
 *(.isr_vector)
 .isr_vector    0x0000000008000000      0x188 ./Core/Startup/startup_stm32l476rgtx.o
                0x0000000008000000                g_pfnVectors
                0x0000000008000188                . = ALIGN (0x4)

.text           0x0000000008000188     0x28c0
                0x0000000008000188                . = ALIGN (0x4)
 *(.text)
 .text          0x0000000008000188       0x40 H:/STM32CubeIDE_1.14.1/STM32CubeIDE/plugins/com.st.stm32cube.ide.mcu.externaltools.gnu-tools-for-stm32.11.3.rel1.win32_1.1.100.202309141235/tools/bin/../lib/gcc/arm-none-eabi/11.3.1/thumb/v7e-m+fp/hard/crtbegin.o
 *(.text*)
 .text.LL_GPIO_SetOutputPin
                0x00000000080001c8       0x1c ./Core/MyLibraries/GPIO.o
 .text.LL_GPIO_ResetOutputPin
                0x00000000080001e4       0x1c ./Core/MyLibraries/GPIO.o
 .text.GPIO_set
                0x0000000008000200       0x2e ./Core/MyLibraries/GPIO.o
                0x0000000008000200                GPIO_set
 .text.LL_SPI_Enable
                0x000000000800022e       0x20 ./Core/MyLibraries/SPI.o
 .text.LL_SPI_Disable
                0x000000000800024e       0x20 ./Core/MyLibraries/SPI.o
 .text.LL_SPI_IsActiveFlag_BSY
                0x000000000800026e       0x26 ./Core/MyLibraries/SPI.o
 .text.LL_SPI_GetRxFIFOLevel
                0x0000000008000294       0x1c ./Core/MyLibraries/SPI.o
 .text.LL_SPI_ClearFlag_OVR
                0x00000000080002b0       0x24 ./Core/MyLibraries/SPI.o
 .text.LL_SPI_EnableIT_TXE
                0x00000000080002d4       0x20 ./Core/MyLibraries/SPI.o
 .text.LL_SPI_DisableIT_RXNE
                0x00000000080002f4       0x20 ./Core/MyLibraries/SPI.o
 .text.LL_SPI_DisableIT_TXE
                0x0000000008000314       0x20 ./Core/MyLibraries/SPI.o
 .text.LL_SPI_ReceiveData8
                0x0000000008000334       0x1c ./Core/MyLibraries/SPI.o
 .text.LL_SPI_TransmitData8
                0x0000000008000350       0x24 ./Core/MyLibraries/SPI.o
 .text.SPIInterruptSend
                0x0000000008000374       0x1e ./Core/MyLibraries/SPI.o
                0x0000000008000374                SPIInterruptSend
 *fill*         0x0000000008000392        0x2 
 .text.SPIInterrruptEnable
                0x0000000008000394       0x2c ./Core/MyLibraries/SPI.o
                0x0000000008000394                SPIInterrruptEnable
 .text.SPIInterrruptDisable
                0x00000000080003c0       0x68 ./Core/MyLibraries/SPI.o
                0x00000000080003c0                SPIInterrruptDisable
 .text.LL_USART_IsActiveFlag_TXE
                0x0000000008000428       0x26 ./Core/MyLibraries/USART.o
 .text.LL_USART_TransmitData8
                0x000000000800044e       0x20 ./Core/MyLibraries/USART.o
 .text.UsartSendByte
                0x000000000800046e       0x2c ./Core/MyLibraries/USART.o
                0x000000000800046e                UsartSendByte
 .text.UsartSendString
                0x000000000800049a       0x40 ./Core/MyLibraries/USART.o
                0x000000000800049a                UsartSendString
 *fill*         0x00000000080004da        0x2 
 .text.UsartNewLine
                0x00000000080004dc       0x24 ./Core/MyLibraries/USART.o
                0x00000000080004dc                UsartNewLine
 .text.LL_AHB2_GRP1_EnableClock
                0x0000000008000500       0x30 ./Core/Src/gpio.o
 .text.LL_SYSCFG_SetEXTISource
                0x0000000008000530       0x6c ./Core/Src/gpio.o
 .text.LL_GPIO_SetPinMode
                0x000000000800059c       0x7a ./Core/Src/gpio.o
 .text.LL_GPIO_SetPinPull
                0x0000000008000616       0x7a ./Core/Src/gpio.o
 .text.LL_GPIO_ResetOutputPin
                0x0000000008000690       0x1c ./Core/Src/gpio.o
 .text.MX_GPIO_Init
                0x00000000080006ac       0xe0 ./Core/Src/gpio.o
                0x00000000080006ac                MX_GPIO_Init
 .text.__NVIC_SetPriorityGrouping
                0x000000000800078c       0x48 ./Core/Src/main.o
 .text.__NVIC_GetPriorityGrouping
                0x00000000080007d4       0x1c ./Core/Src/main.o
 .text.__NVIC_SetPriority
                0x00000000080007f0       0x54 ./Core/Src/main.o
 .text.NVIC_EncodePriority
                0x0000000008000844       0x66 ./Core/Src/main.o
 *fill*         0x00000000080008aa        0x2 
 .text.LL_RCC_MSI_Enable
                0x00000000080008ac       0x20 ./Core/Src/main.o
 .text.LL_RCC_MSI_IsReady
                0x00000000080008cc       0x24 ./Core/Src/main.o
 .text.LL_RCC_MSI_EnableRangeSelection
                0x00000000080008f0       0x20 ./Core/Src/main.o
 .text.LL_RCC_MSI_SetRange
                0x0000000008000910       0x28 ./Core/Src/main.o
 .text.LL_RCC_MSI_SetCalibTrimming
                0x0000000008000938       0x2c ./Core/Src/main.o
 .text.LL_RCC_SetSysClkSource
                0x0000000008000964       0x28 ./Core/Src/main.o
 .text.LL_RCC_GetSysClkSource
                0x000000000800098c       0x1c ./Core/Src/main.o
 .text.LL_RCC_SetAHBPrescaler
                0x00000000080009a8       0x28 ./Core/Src/main.o
 .text.LL_RCC_SetAPB1Prescaler
                0x00000000080009d0       0x28 ./Core/Src/main.o
 .text.LL_RCC_SetAPB2Prescaler
                0x00000000080009f8       0x28 ./Core/Src/main.o
 .text.LL_RCC_PLL_Enable
                0x0000000008000a20       0x20 ./Core/Src/main.o
 .text.LL_RCC_PLL_IsReady
                0x0000000008000a40       0x28 ./Core/Src/main.o
 .text.LL_RCC_PLL_ConfigDomain_SYS
                0x0000000008000a68       0x40 ./Core/Src/main.o
 .text.LL_RCC_PLL_EnableDomain_SYS
                0x0000000008000aa8       0x20 ./Core/Src/main.o
 .text.LL_APB1_GRP1_EnableClock
                0x0000000008000ac8       0x30 ./Core/Src/main.o
 .text.LL_APB2_GRP1_EnableClock
                0x0000000008000af8       0x30 ./Core/Src/main.o
 .text.LL_FLASH_SetLatency
                0x0000000008000b28       0x28 ./Core/Src/main.o
 .text.LL_FLASH_GetLatency
                0x0000000008000b50       0x1c ./Core/Src/main.o
 .text.LL_PWR_SetRegulVoltageScaling
                0x0000000008000b6c       0x28 ./Core/Src/main.o
 .text.LL_PWR_IsActiveFlag_VOS
                0x0000000008000b94       0x28 ./Core/Src/main.o
 .text.LL_SPI_Disable
                0x0000000008000bbc       0x20 ./Core/Src/main.o
 .text.LL_SPI_DisableIT_RXNE
                0x0000000008000bdc       0x20 ./Core/Src/main.o
 .text.LL_SPI_DisableIT_TXE
                0x0000000008000bfc       0x20 ./Core/Src/main.o
 .text.LL_USART_EnableIT_RXNE
                0x0000000008000c1c       0x42 ./Core/Src/main.o
 *fill*         0x0000000008000c5e        0x2 
 .text.main     0x0000000008000c60       0x78 ./Core/Src/main.o
                0x0000000008000c60                main
 .text.SystemClock_Config
                0x0000000008000cd8       0xa4 ./Core/Src/main.o
                0x0000000008000cd8                SystemClock_Config
 .text.__NVIC_GetPriorityGrouping
                0x0000000008000d7c       0x1c ./Core/Src/spi.o
 .text.__NVIC_EnableIRQ
                0x0000000008000d98       0x3c ./Core/Src/spi.o
 .text.__NVIC_SetPriority
                0x0000000008000dd4       0x54 ./Core/Src/spi.o
 .text.NVIC_EncodePriority
                0x0000000008000e28       0x66 ./Core/Src/spi.o
 *fill*         0x0000000008000e8e        0x2 
 .text.LL_AHB2_GRP1_EnableClock
                0x0000000008000e90       0x30 ./Core/Src/spi.o
 .text.LL_APB1_GRP1_EnableClock
                0x0000000008000ec0       0x30 ./Core/Src/spi.o
 .text.LL_SPI_SetStandard
                0x0000000008000ef0       0x26 ./Core/Src/spi.o
 .text.LL_SPI_DisableNSSPulseMgt
                0x0000000008000f16       0x20 ./Core/Src/spi.o
 *fill*         0x0000000008000f36        0x2 
 .text.MX_SPI2_Init
                0x0000000008000f38       0xfc ./Core/Src/spi.o
                0x0000000008000f38                MX_SPI2_Init
 .text.LL_SPI_IsActiveFlag_RXNE
                0x0000000008001034       0x26 ./Core/Src/stm32l4xx_it.o
 .text.LL_SPI_IsActiveFlag_TXE
                0x000000000800105a       0x26 ./Core/Src/stm32l4xx_it.o
 .text.LL_SPI_EnableIT_RXNE
                0x0000000008001080       0x20 ./Core/Src/stm32l4xx_it.o
 .text.LL_SPI_DisableIT_TXE
                0x00000000080010a0       0x20 ./Core/Src/stm32l4xx_it.o
 .text.LL_SPI_IsEnabledIT_RXNE
                0x00000000080010c0       0x26 ./Core/Src/stm32l4xx_it.o
 .text.LL_SPI_IsEnabledIT_TXE
                0x00000000080010e6       0x26 ./Core/Src/stm32l4xx_it.o
 .text.LL_SPI_ReceiveData8
                0x000000000800110c       0x1c ./Core/Src/stm32l4xx_it.o
 .text.LL_USART_IsActiveFlag_RXNE
                0x0000000008001128       0x26 ./Core/Src/stm32l4xx_it.o
 .text.LL_USART_IsActiveFlag_TXE
                0x000000000800114e       0x26 ./Core/Src/stm32l4xx_it.o
 .text.LL_USART_EnableIT_RXNE
                0x0000000008001174       0x42 ./Core/Src/stm32l4xx_it.o
 .text.LL_USART_EnableIT_TXE
                0x00000000080011b6       0x42 ./Core/Src/stm32l4xx_it.o
 .text.LL_USART_DisableIT_RXNE
                0x00000000080011f8       0x42 ./Core/Src/stm32l4xx_it.o
 .text.LL_USART_DisableIT_TXE
                0x000000000800123a       0x42 ./Core/Src/stm32l4xx_it.o
 .text.LL_USART_IsEnabledIT_RXNE
                0x000000000800127c       0x26 ./Core/Src/stm32l4xx_it.o
 .text.LL_USART_IsEnabledIT_TXE
                0x00000000080012a2       0x26 ./Core/Src/stm32l4xx_it.o
 .text.LL_USART_ReceiveData8
                0x00000000080012c8       0x1c ./Core/Src/stm32l4xx_it.o
 .text.SPI2_IRQHandler
                0x00000000080012e4       0x9c ./Core/Src/stm32l4xx_it.o
                0x00000000080012e4                SPI2_IRQHandler
 .text.USART2_IRQHandler
                0x0000000008001380       0x88 ./Core/Src/stm32l4xx_it.o
                0x0000000008001380                USART2_IRQHandler
 .text.SystemInit
                0x0000000008001408       0x24 ./Core/Src/system_stm32l4xx.o
                0x0000000008001408                SystemInit
 .text.__NVIC_GetPriorityGrouping
                0x000000000800142c       0x1c ./Core/Src/usart.o
 .text.__NVIC_EnableIRQ
                0x0000000008001448       0x3c ./Core/Src/usart.o
 .text.__NVIC_SetPriority
                0x0000000008001484       0x54 ./Core/Src/usart.o
 .text.NVIC_EncodePriority
                0x00000000080014d8       0x66 ./Core/Src/usart.o
 *fill*         0x000000000800153e        0x2 
 .text.LL_RCC_SetUSARTClockSource
                0x0000000008001540       0x34 ./Core/Src/usart.o
 .text.LL_AHB2_GRP1_EnableClock
                0x0000000008001574       0x30 ./Core/Src/usart.o
 .text.LL_APB1_GRP1_EnableClock
                0x00000000080015a4       0x30 ./Core/Src/usart.o
 .text.LL_USART_Enable
                0x00000000080015d4       0x20 ./Core/Src/usart.o
 .text.LL_USART_ConfigAsyncMode
                0x00000000080015f4       0x2c ./Core/Src/usart.o
 .text.MX_USART2_UART_Init
                0x0000000008001620       0xc8 ./Core/Src/usart.o
                0x0000000008001620                MX_USART2_UART_Init
 .text.Reset_Handler
                0x00000000080016e8       0x50 ./Core/Startup/startup_stm32l476rgtx.o
                0x00000000080016e8                Reset_Handler
 .text.Default_Handler
                0x0000000008001738        0x2 ./Core/Startup/startup_stm32l476rgtx.o
                0x0000000008001738                RTC_Alarm_IRQHandler
                0x0000000008001738                EXTI2_IRQHandler
                0x0000000008001738                TIM8_TRG_COM_IRQHandler
                0x0000000008001738                TIM8_CC_IRQHandler
                0x0000000008001738                DebugMon_Handler
                0x0000000008001738                TIM1_CC_IRQHandler
                0x0000000008001738                TSC_IRQHandler
                0x0000000008001738                HardFault_Handler
                0x0000000008001738                SysTick_Handler
                0x0000000008001738                TAMP_STAMP_IRQHandler
                0x0000000008001738                PendSV_Handler
                0x0000000008001738                NMI_Handler
                0x0000000008001738                EXTI3_IRQHandler
                0x0000000008001738                LPTIM2_IRQHandler
                0x0000000008001738                DFSDM1_FLT1_IRQHandler
                0x0000000008001738                I2C3_ER_IRQHandler
                0x0000000008001738                DFSDM1_FLT2_IRQHandler
                0x0000000008001738                EXTI0_IRQHandler
                0x0000000008001738                I2C2_EV_IRQHandler
                0x0000000008001738                CAN1_RX0_IRQHandler
                0x0000000008001738                FPU_IRQHandler
                0x0000000008001738                TIM1_UP_TIM16_IRQHandler
                0x0000000008001738                UsageFault_Handler
                0x0000000008001738                ADC1_2_IRQHandler
                0x0000000008001738                SPI1_IRQHandler
                0x0000000008001738                TIM6_DAC_IRQHandler
                0x0000000008001738                TIM8_UP_IRQHandler
                0x0000000008001738                DMA2_Channel2_IRQHandler
                0x0000000008001738                DMA1_Channel4_IRQHandler
                0x0000000008001738                SAI2_IRQHandler
                0x0000000008001738                DFSDM1_FLT3_IRQHandler
                0x0000000008001738                USART3_IRQHandler
                0x0000000008001738                DMA1_Channel7_IRQHandler
                0x0000000008001738                CAN1_RX1_IRQHandler
                0x0000000008001738                LCD_IRQHandler
                0x0000000008001738                UART5_IRQHandler
                0x0000000008001738                ADC3_IRQHandler
                0x0000000008001738                TIM4_IRQHandler
                0x0000000008001738                DMA2_Channel1_IRQHandler
                0x0000000008001738                QUADSPI_IRQHandler
                0x0000000008001738                I2C1_EV_IRQHandler
                0x0000000008001738                DMA1_Channel6_IRQHandler
                0x0000000008001738                UART4_IRQHandler
                0x0000000008001738                DMA2_Channel4_IRQHandler
                0x0000000008001738                TIM3_IRQHandler
                0x0000000008001738                RCC_IRQHandler
                0x0000000008001738                DMA1_Channel1_IRQHandler
                0x0000000008001738                Default_Handler
                0x0000000008001738                DMA2_Channel7_IRQHandler
                0x0000000008001738                EXTI15_10_IRQHandler
                0x0000000008001738                TIM7_IRQHandler
                0x0000000008001738                SDMMC1_IRQHandler
                0x0000000008001738                TIM5_IRQHandler
                0x0000000008001738                I2C3_EV_IRQHandler
                0x0000000008001738                EXTI9_5_IRQHandler
                0x0000000008001738                RTC_WKUP_IRQHandler
                0x0000000008001738                PVD_PVM_IRQHandler
                0x0000000008001738                MemManage_Handler
                0x0000000008001738                CAN1_TX_IRQHandler
                0x0000000008001738                SVC_Handler
                0x0000000008001738                DMA2_Channel5_IRQHandler
                0x0000000008001738                DMA1_Channel5_IRQHandler
                0x0000000008001738                EXTI4_IRQHandler
                0x0000000008001738                RNG_IRQHandler
                0x0000000008001738                TIM1_TRG_COM_TIM17_IRQHandler
                0x0000000008001738                DMA1_Channel3_IRQHandler
                0x0000000008001738                COMP_IRQHandler
                0x0000000008001738                WWDG_IRQHandler
                0x0000000008001738                LPUART1_IRQHandler
                0x0000000008001738                DMA2_Channel6_IRQHandler
                0x0000000008001738                TIM2_IRQHandler
                0x0000000008001738                EXTI1_IRQHandler
                0x0000000008001738                DFSDM1_FLT0_IRQHandler
                0x0000000008001738                I2C2_ER_IRQHandler
                0x0000000008001738                DMA1_Channel2_IRQHandler
                0x0000000008001738                TIM8_BRK_IRQHandler
                0x0000000008001738                CAN1_SCE_IRQHandler
                0x0000000008001738                FLASH_IRQHandler
                0x0000000008001738                BusFault_Handler
                0x0000000008001738                USART1_IRQHandler
                0x0000000008001738                OTG_FS_IRQHandler
                0x0000000008001738                SPI3_IRQHandler
                0x0000000008001738                I2C1_ER_IRQHandler
                0x0000000008001738                FMC_IRQHandler
                0x0000000008001738                SWPMI1_IRQHandler
                0x0000000008001738                LPTIM1_IRQHandler
                0x0000000008001738                SAI1_IRQHandler
                0x0000000008001738                DMA2_Channel3_IRQHandler
                0x0000000008001738                TIM1_BRK_TIM15_IRQHandler
 *fill*         0x000000000800173a        0x2 
 .text.LL_EXTI_EnableIT_0_31
                0x000000000800173c       0x24 ./Drivers/STM32L4xx_HAL_Driver/Src/stm32l4xx_ll_exti.o
 .text.LL_EXTI_EnableIT_32_63
                0x0000000008001760       0x24 ./Drivers/STM32L4xx_HAL_Driver/Src/stm32l4xx_ll_exti.o
 .text.LL_EXTI_DisableIT_0_31
                0x0000000008001784       0x28 ./Drivers/STM32L4xx_HAL_Driver/Src/stm32l4xx_ll_exti.o
 .text.LL_EXTI_DisableIT_32_63
                0x00000000080017ac       0x28 ./Drivers/STM32L4xx_HAL_Driver/Src/stm32l4xx_ll_exti.o
 .text.LL_EXTI_EnableEvent_0_31
                0x00000000080017d4       0x24 ./Drivers/STM32L4xx_HAL_Driver/Src/stm32l4xx_ll_exti.o
 .text.LL_EXTI_EnableEvent_32_63
                0x00000000080017f8       0x24 ./Drivers/STM32L4xx_HAL_Driver/Src/stm32l4xx_ll_exti.o
 .text.LL_EXTI_DisableEvent_0_31
                0x000000000800181c       0x28 ./Drivers/STM32L4xx_HAL_Driver/Src/stm32l4xx_ll_exti.o
 .text.LL_EXTI_DisableEvent_32_63
                0x0000000008001844       0x28 ./Drivers/STM32L4xx_HAL_Driver/Src/stm32l4xx_ll_exti.o
 .text.LL_EXTI_EnableRisingTrig_0_31
                0x000000000800186c       0x24 ./Drivers/STM32L4xx_HAL_Driver/Src/stm32l4xx_ll_exti.o
 .text.LL_EXTI_EnableRisingTrig_32_63
                0x0000000008001890       0x24 ./Drivers/STM32L4xx_HAL_Driver/Src/stm32l4xx_ll_exti.o
 .text.LL_EXTI_DisableRisingTrig_0_31
                0x00000000080018b4       0x28 ./Drivers/STM32L4xx_HAL_Driver/Src/stm32l4xx_ll_exti.o
 .text.LL_EXTI_DisableRisingTrig_32_63
                0x00000000080018dc       0x28 ./Drivers/STM32L4xx_HAL_Driver/Src/stm32l4xx_ll_exti.o
 .text.LL_EXTI_EnableFallingTrig_0_31
                0x0000000008001904       0x24 ./Drivers/STM32L4xx_HAL_Driver/Src/stm32l4xx_ll_exti.o
 .text.LL_EXTI_EnableFallingTrig_32_63
                0x0000000008001928       0x24 ./Drivers/STM32L4xx_HAL_Driver/Src/stm32l4xx_ll_exti.o
 .text.LL_EXTI_DisableFallingTrig_0_31
                0x000000000800194c       0x28 ./Drivers/STM32L4xx_HAL_Driver/Src/stm32l4xx_ll_exti.o
 .text.LL_EXTI_DisableFallingTrig_32_63
                0x0000000008001974       0x28 ./Drivers/STM32L4xx_HAL_Driver/Src/stm32l4xx_ll_exti.o
 .text.LL_EXTI_Init
                0x000000000800199c      0x1e8 ./Drivers/STM32L4xx_HAL_Driver/Src/stm32l4xx_ll_exti.o
                0x000000000800199c                LL_EXTI_Init
 .text.LL_GPIO_SetPinMode
                0x0000000008001b84       0x7a ./Drivers/STM32L4xx_HAL_Driver/Src/stm32l4xx_ll_gpio.o
 .text.LL_GPIO_SetPinOutputType
                0x0000000008001bfe       0x30 ./Drivers/STM32L4xx_HAL_Driver/Src/stm32l4xx_ll_gpio.o
 .text.LL_GPIO_SetPinSpeed
                0x0000000008001c2e       0x7a ./Drivers/STM32L4xx_HAL_Driver/Src/stm32l4xx_ll_gpio.o
 .text.LL_GPIO_SetPinPull
                0x0000000008001ca8       0x7a ./Drivers/STM32L4xx_HAL_Driver/Src/stm32l4xx_ll_gpio.o
 .text.LL_GPIO_SetAFPin_0_7
                0x0000000008001d22       0x7a ./Drivers/STM32L4xx_HAL_Driver/Src/stm32l4xx_ll_gpio.o
 .text.LL_GPIO_SetAFPin_8_15
                0x0000000008001d9c       0x7e ./Drivers/STM32L4xx_HAL_Driver/Src/stm32l4xx_ll_gpio.o
 .text.LL_GPIO_Init
                0x0000000008001e1a       0xdc ./Drivers/STM32L4xx_HAL_Driver/Src/stm32l4xx_ll_gpio.o
                0x0000000008001e1a                LL_GPIO_Init
 *fill*         0x0000000008001ef6        0x2 
 .text.LL_RCC_HSI_IsReady
                0x0000000008001ef8       0x28 ./Drivers/STM32L4xx_HAL_Driver/Src/stm32l4xx_ll_rcc.o
 .text.LL_RCC_LSE_IsReady
                0x0000000008001f20       0x28 ./Drivers/STM32L4xx_HAL_Driver/Src/stm32l4xx_ll_rcc.o
 .text.LL_RCC_MSI_IsEnabledRangeSelect
                0x0000000008001f48       0x24 ./Drivers/STM32L4xx_HAL_Driver/Src/stm32l4xx_ll_rcc.o
 .text.LL_RCC_MSI_GetRange
                0x0000000008001f6c       0x1c ./Drivers/STM32L4xx_HAL_Driver/Src/stm32l4xx_ll_rcc.o
 .text.LL_RCC_MSI_GetRangeAfterStandby
                0x0000000008001f88       0x1c ./Drivers/STM32L4xx_HAL_Driver/Src/stm32l4xx_ll_rcc.o
 .text.LL_RCC_GetSysClkSource
                0x0000000008001fa4       0x1c ./Drivers/STM32L4xx_HAL_Driver/Src/stm32l4xx_ll_rcc.o
 .text.LL_RCC_GetAHBPrescaler
                0x0000000008001fc0       0x1c ./Drivers/STM32L4xx_HAL_Driver/Src/stm32l4xx_ll_rcc.o
 .text.LL_RCC_GetAPB1Prescaler
                0x0000000008001fdc       0x1c ./Drivers/STM32L4xx_HAL_Driver/Src/stm32l4xx_ll_rcc.o
 .text.LL_RCC_GetAPB2Prescaler
                0x0000000008001ff8       0x1c ./Drivers/STM32L4xx_HAL_Driver/Src/stm32l4xx_ll_rcc.o
 .text.LL_RCC_GetUSARTClockSource
                0x0000000008002014       0x28 ./Drivers/STM32L4xx_HAL_Driver/Src/stm32l4xx_ll_rcc.o
 .text.LL_RCC_GetUARTClockSource
                0x000000000800203c       0x28 ./Drivers/STM32L4xx_HAL_Driver/Src/stm32l4xx_ll_rcc.o
 .text.LL_RCC_PLL_GetMainSource
                0x0000000008002064       0x1c ./Drivers/STM32L4xx_HAL_Driver/Src/stm32l4xx_ll_rcc.o
 .text.LL_RCC_PLL_GetN
                0x0000000008002080       0x1c ./Drivers/STM32L4xx_HAL_Driver/Src/stm32l4xx_ll_rcc.o
 .text.LL_RCC_PLL_GetR
                0x000000000800209c       0x1c ./Drivers/STM32L4xx_HAL_Driver/Src/stm32l4xx_ll_rcc.o
 .text.LL_RCC_PLL_GetDivider
                0x00000000080020b8       0x1c ./Drivers/STM32L4xx_HAL_Driver/Src/stm32l4xx_ll_rcc.o
 .text.LL_RCC_GetUSARTClockFreq
                0x00000000080020d4      0x1c4 ./Drivers/STM32L4xx_HAL_Driver/Src/stm32l4xx_ll_rcc.o
                0x00000000080020d4                LL_RCC_GetUSARTClockFreq
 .text.LL_RCC_GetUARTClockFreq
                0x0000000008002298      0x128 ./Drivers/STM32L4xx_HAL_Driver/Src/stm32l4xx_ll_rcc.o
                0x0000000008002298                LL_RCC_GetUARTClockFreq
 .text.RCC_GetSystemClockFreq
                0x00000000080023c0      0x120 ./Drivers/STM32L4xx_HAL_Driver/Src/stm32l4xx_ll_rcc.o
 .text.RCC_GetHCLKClockFreq
                0x00000000080024e0       0x2c ./Drivers/STM32L4xx_HAL_Driver/Src/stm32l4xx_ll_rcc.o
 .text.RCC_GetPCLK1ClockFreq
                0x000000000800250c       0x28 ./Drivers/STM32L4xx_HAL_Driver/Src/stm32l4xx_ll_rcc.o
 .text.RCC_GetPCLK2ClockFreq
                0x0000000008002534       0x28 ./Drivers/STM32L4xx_HAL_Driver/Src/stm32l4xx_ll_rcc.o
 .text.RCC_PLL_GetFreqDomain_SYS
                0x000000000800255c      0x118 ./Drivers/STM32L4xx_HAL_Driver/Src/stm32l4xx_ll_rcc.o
 .text.LL_SPI_IsEnabled
                0x0000000008002674       0x26 ./Drivers/STM32L4xx_HAL_Driver/Src/stm32l4xx_ll_spi.o
 .text.LL_SPI_SetRxFIFOThreshold
                0x000000000800269a       0x26 ./Drivers/STM32L4xx_HAL_Driver/Src/stm32l4xx_ll_spi.o
 .text.LL_SPI_SetCRCPolynomial
                0x00000000080026c0       0x20 ./Drivers/STM32L4xx_HAL_Driver/Src/stm32l4xx_ll_spi.o
 .text.LL_SPI_Init
                0x00000000080026e0       0xb0 ./Drivers/STM32L4xx_HAL_Driver/Src/stm32l4xx_ll_spi.o
                0x00000000080026e0                LL_SPI_Init
 .text.LL_USART_IsEnabled
                0x0000000008002790       0x26 ./Drivers/STM32L4xx_HAL_Driver/Src/stm32l4xx_ll_usart.o
 .text.LL_USART_SetStopBitsLength
                0x00000000080027b6       0x26 ./Drivers/STM32L4xx_HAL_Driver/Src/stm32l4xx_ll_usart.o
 .text.LL_USART_SetHWFlowCtrl
                0x00000000080027dc       0x26 ./Drivers/STM32L4xx_HAL_Driver/Src/stm32l4xx_ll_usart.o
 .text.LL_USART_SetBaudRate
                0x0000000008002802       0x6e ./Drivers/STM32L4xx_HAL_Driver/Src/stm32l4xx_ll_usart.o
 .text.LL_USART_Init
                0x0000000008002870       0xf8 ./Drivers/STM32L4xx_HAL_Driver/Src/stm32l4xx_ll_usart.o
                0x0000000008002870                LL_USART_Init
 .text.LL_InitTick
                0x0000000008002968       0x34 ./Drivers/STM32L4xx_HAL_Driver/Src/stm32l4xx_ll_utils.o
 .text.LL_Init1msTick
                0x000000000800299c       0x1a ./Drivers/STM32L4xx_HAL_Driver/Src/stm32l4xx_ll_utils.o
                0x000000000800299c                LL_Init1msTick
 *fill*         0x00000000080029b6        0x2 
 .text.LL_SetSystemCoreClock
                0x00000000080029b8       0x20 ./Drivers/STM32L4xx_HAL_Driver/Src/stm32l4xx_ll_utils.o
                0x00000000080029b8                LL_SetSystemCoreClock
 .text.memset   0x00000000080029d8       0x10 H:/STM32CubeIDE_1.14.1/STM32CubeIDE/plugins/com.st.stm32cube.ide.mcu.externaltools.gnu-tools-for-stm32.11.3.rel1.win32_1.1.100.202309141235/tools/bin/../lib/gcc/arm-none-eabi/11.3.1/../../../../arm-none-eabi/lib/thumb/v7e-m+fp/hard\libc_nano.a(libc_a-memset.o)
                0x00000000080029d8                memset
 .text.__libc_init_array
                0x00000000080029e8       0x48 H:/STM32CubeIDE_1.14.1/STM32CubeIDE/plugins/com.st.stm32cube.ide.mcu.externaltools.gnu-tools-for-stm32.11.3.rel1.win32_1.1.100.202309141235/tools/bin/../lib/gcc/arm-none-eabi/11.3.1/../../../../arm-none-eabi/lib/thumb/v7e-m+fp/hard\libc_nano.a(libc_a-init.o)
                0x00000000080029e8                __libc_init_array
 *(.glue_7)
 .glue_7        0x0000000008002a30        0x0 linker stubs
 *(.glue_7t)
 .glue_7t       0x0000000008002a30        0x0 linker stubs
 *(.eh_frame)
 .eh_frame      0x0000000008002a30        0x0 H:/STM32CubeIDE_1.14.1/STM32CubeIDE/plugins/com.st.stm32cube.ide.mcu.externaltools.gnu-tools-for-stm32.11.3.rel1.win32_1.1.100.202309141235/tools/bin/../lib/gcc/arm-none-eabi/11.3.1/thumb/v7e-m+fp/hard/crtbegin.o
 *(.init)
 .init          0x0000000008002a30        0x4 H:/STM32CubeIDE_1.14.1/STM32CubeIDE/plugins/com.st.stm32cube.ide.mcu.externaltools.gnu-tools-for-stm32.11.3.rel1.win32_1.1.100.202309141235/tools/bin/../lib/gcc/arm-none-eabi/11.3.1/thumb/v7e-m+fp/hard/crti.o
                0x0000000008002a30                _init
 .init          0x0000000008002a34        0x8 H:/STM32CubeIDE_1.14.1/STM32CubeIDE/plugins/com.st.stm32cube.ide.mcu.externaltools.gnu-tools-for-stm32.11.3.rel1.win32_1.1.100.202309141235/tools/bin/../lib/gcc/arm-none-eabi/11.3.1/thumb/v7e-m+fp/hard/crtn.o
 *(.fini)
 .fini          0x0000000008002a3c        0x4 H:/STM32CubeIDE_1.14.1/STM32CubeIDE/plugins/com.st.stm32cube.ide.mcu.externaltools.gnu-tools-for-stm32.11.3.rel1.win32_1.1.100.202309141235/tools/bin/../lib/gcc/arm-none-eabi/11.3.1/thumb/v7e-m+fp/hard/crti.o
                0x0000000008002a3c                _fini
 .fini          0x0000000008002a40        0x8 H:/STM32CubeIDE_1.14.1/STM32CubeIDE/plugins/com.st.stm32cube.ide.mcu.externaltools.gnu-tools-for-stm32.11.3.rel1.win32_1.1.100.202309141235/tools/bin/../lib/gcc/arm-none-eabi/11.3.1/thumb/v7e-m+fp/hard/crtn.o
                0x0000000008002a48                . = ALIGN (0x4)
                0x0000000008002a48                _etext = .

.vfp11_veneer   0x0000000008002a48        0x0
 .vfp11_veneer  0x0000000008002a48        0x0 linker stubs

.v4_bx          0x0000000008002a48        0x0
 .v4_bx         0x0000000008002a48        0x0 linker stubs

.iplt           0x0000000008002a48        0x0
 .iplt          0x0000000008002a48        0x0 H:/STM32CubeIDE_1.14.1/STM32CubeIDE/plugins/com.st.stm32cube.ide.mcu.externaltools.gnu-tools-for-stm32.11.3.rel1.win32_1.1.100.202309141235/tools/bin/../lib/gcc/arm-none-eabi/11.3.1/thumb/v7e-m+fp/hard/crtbegin.o

.rodata         0x0000000008002a48       0x8c
                0x0000000008002a48                . = ALIGN (0x4)
 *(.rodata)
 *(.rodata*)
 .rodata.usart_string
                0x0000000008002a48       0x22 ./Core/Src/stm32l4xx_it.o
                0x0000000008002a48                usart_string
 *fill*         0x0000000008002a6a        0x2 
 .rodata.spi_string
                0x0000000008002a6c       0x20 ./Core/Src/stm32l4xx_it.o
                0x0000000008002a6c                spi_string
 .rodata.AHBPrescTable
                0x0000000008002a8c       0x10 ./Core/Src/system_stm32l4xx.o
                0x0000000008002a8c                AHBPrescTable
 .rodata.APBPrescTable
                0x0000000008002a9c        0x8 ./Core/Src/system_stm32l4xx.o
                0x0000000008002a9c                APBPrescTable
 .rodata.MSIRangeTable
                0x0000000008002aa4       0x30 ./Core/Src/system_stm32l4xx.o
                0x0000000008002aa4                MSIRangeTable
                0x0000000008002ad4                . = ALIGN (0x4)

.rel.dyn        0x0000000008002ad4        0x0
 .rel.iplt      0x0000000008002ad4        0x0 H:/STM32CubeIDE_1.14.1/STM32CubeIDE/plugins/com.st.stm32cube.ide.mcu.externaltools.gnu-tools-for-stm32.11.3.rel1.win32_1.1.100.202309141235/tools/bin/../lib/gcc/arm-none-eabi/11.3.1/thumb/v7e-m+fp/hard/crtbegin.o

.ARM.extab      0x0000000008002ad4        0x0
                0x0000000008002ad4                . = ALIGN (0x4)
 *(.ARM.extab* .gnu.linkonce.armextab.*)
                0x0000000008002ad4                . = ALIGN (0x4)

.ARM            0x0000000008002ad4        0x0
                0x0000000008002ad4                . = ALIGN (0x4)
                0x0000000008002ad4                __exidx_start = .
 *(.ARM.exidx*)
                0x0000000008002ad4                __exidx_end = .
                0x0000000008002ad4                . = ALIGN (0x4)

.preinit_array  0x0000000008002ad4        0x0
                0x0000000008002ad4                . = ALIGN (0x4)
                0x0000000008002ad4                PROVIDE (__preinit_array_start = .)
 *(.preinit_array*)
                0x0000000008002ad4                PROVIDE (__preinit_array_end = .)
                0x0000000008002ad4                . = ALIGN (0x4)

.init_array     0x0000000008002ad4        0x4
                0x0000000008002ad4                . = ALIGN (0x4)
                0x0000000008002ad4                PROVIDE (__init_array_start = .)
 *(SORT_BY_NAME(.init_array.*))
 *(.init_array*)
 .init_array    0x0000000008002ad4        0x4 H:/STM32CubeIDE_1.14.1/STM32CubeIDE/plugins/com.st.stm32cube.ide.mcu.externaltools.gnu-tools-for-stm32.11.3.rel1.win32_1.1.100.202309141235/tools/bin/../lib/gcc/arm-none-eabi/11.3.1/thumb/v7e-m+fp/hard/crtbegin.o
                0x0000000008002ad8                PROVIDE (__init_array_end = .)
                0x0000000008002ad8                . = ALIGN (0x4)

.fini_array     0x0000000008002ad8        0x4
                0x0000000008002ad8                . = ALIGN (0x4)
                [!provide]                        PROVIDE (__fini_array_start = .)
 *(SORT_BY_NAME(.fini_array.*))
 *(.fini_array*)
 .fini_array    0x0000000008002ad8        0x4 H:/STM32CubeIDE_1.14.1/STM32CubeIDE/plugins/com.st.stm32cube.ide.mcu.externaltools.gnu-tools-for-stm32.11.3.rel1.win32_1.1.100.202309141235/tools/bin/../lib/gcc/arm-none-eabi/11.3.1/thumb/v7e-m+fp/hard/crtbegin.o
                [!provide]                        PROVIDE (__fini_array_end = .)
                0x0000000008002adc                . = ALIGN (0x4)
                0x0000000008002adc                _sidata = LOADADDR (.data)

.data           0x0000000020000000        0x4 load address 0x0000000008002adc
                0x0000000020000000                . = ALIGN (0x4)
                0x0000000020000000                _sdata = .
 *(.data)
 *(.data*)
 .data.SystemCoreClock
                0x0000000020000000        0x4 ./Core/Src/system_stm32l4xx.o
                0x0000000020000000                SystemCoreClock
 *(.RamFunc)
 *(.RamFunc*)
                0x0000000020000004                . = ALIGN (0x4)
                0x0000000020000004                _edata = .

.igot.plt       0x0000000020000004        0x0 load address 0x0000000008002ae0
 .igot.plt      0x0000000020000004        0x0 H:/STM32CubeIDE_1.14.1/STM32CubeIDE/plugins/com.st.stm32cube.ide.mcu.externaltools.gnu-tools-for-stm32.11.3.rel1.win32_1.1.100.202309141235/tools/bin/../lib/gcc/arm-none-eabi/11.3.1/thumb/v7e-m+fp/hard/crtbegin.o
                0x0000000020000004                . = ALIGN (0x4)

.bss            0x0000000020000004       0x20 load address 0x0000000008002ae0
                0x0000000020000004                _sbss = .
                0x0000000020000004                __bss_start__ = _sbss
 *(.bss)
 .bss           0x0000000020000004       0x1c H:/STM32CubeIDE_1.14.1/STM32CubeIDE/plugins/com.st.stm32cube.ide.mcu.externaltools.gnu-tools-for-stm32.11.3.rel1.win32_1.1.100.202309141235/tools/bin/../lib/gcc/arm-none-eabi/11.3.1/thumb/v7e-m+fp/hard/crtbegin.o
 *(.bss*)
 .bss.buffer    0x0000000020000020        0x1 ./Core/Src/stm32l4xx_it.o
                0x0000000020000020                buffer
 *(COMMON)
                0x0000000020000024                . = ALIGN (0x4)
 *fill*         0x0000000020000021        0x3 
                0x0000000020000024                _ebss = .
                0x0000000020000024                __bss_end__ = _ebss

._user_heap_stack
                0x0000000020000024      0x604 load address 0x0000000008002ae0
                0x0000000020000028                . = ALIGN (0x8)
 *fill*         0x0000000020000024        0x4 
                [!provide]                        PROVIDE (end = .)
                0x0000000020000028                PROVIDE (_end = .)
                0x0000000020000228                . = (. + _Min_Heap_Size)
 *fill*         0x0000000020000028      0x200 
                0x0000000020000628                . = (. + _Min_Stack_Size)
 *fill*         0x0000000020000228      0x400 
                0x0000000020000628                . = ALIGN (0x8)

/DISCARD/
 libc.a(*)
 libm.a(*)
 libgcc.a(*)

.ARM.attributes
                0x0000000000000000       0x30
 *(.ARM.attributes)
 .ARM.attributes
                0x0000000000000000       0x1e H:/STM32CubeIDE_1.14.1/STM32CubeIDE/plugins/com.st.stm32cube.ide.mcu.externaltools.gnu-tools-for-stm32.11.3.rel1.win32_1.1.100.202309141235/tools/bin/../lib/gcc/arm-none-eabi/11.3.1/thumb/v7e-m+fp/hard/crti.o
 .ARM.attributes
                0x000000000000001e       0x34 H:/STM32CubeIDE_1.14.1/STM32CubeIDE/plugins/com.st.stm32cube.ide.mcu.externaltools.gnu-tools-for-stm32.11.3.rel1.win32_1.1.100.202309141235/tools/bin/../lib/gcc/arm-none-eabi/11.3.1/thumb/v7e-m+fp/hard/crtbegin.o
 .ARM.attributes
                0x0000000000000052       0x34 ./Core/MyLibraries/GPIO.o
 .ARM.attributes
                0x0000000000000086       0x34 ./Core/MyLibraries/SPI.o
 .ARM.attributes
                0x00000000000000ba       0x34 ./Core/MyLibraries/USART.o
 .ARM.attributes
                0x00000000000000ee       0x34 ./Core/Src/gpio.o
 .ARM.attributes
                0x0000000000000122       0x34 ./Core/Src/main.o
 .ARM.attributes
                0x0000000000000156       0x34 ./Core/Src/spi.o
 .ARM.attributes
                0x000000000000018a       0x34 ./Core/Src/stm32l4xx_it.o
 .ARM.attributes
                0x00000000000001be       0x34 ./Core/Src/system_stm32l4xx.o
 .ARM.attributes
                0x00000000000001f2       0x34 ./Core/Src/usart.o
 .ARM.attributes
                0x0000000000000226       0x21 ./Core/Startup/startup_stm32l476rgtx.o
 .ARM.attributes
                0x0000000000000247       0x34 ./Drivers/STM32L4xx_HAL_Driver/Src/stm32l4xx_ll_exti.o
 .ARM.attributes
                0x000000000000027b       0x34 ./Drivers/STM32L4xx_HAL_Driver/Src/stm32l4xx_ll_gpio.o
 .ARM.attributes
                0x00000000000002af       0x34 ./Drivers/STM32L4xx_HAL_Driver/Src/stm32l4xx_ll_rcc.o
 .ARM.attributes
                0x00000000000002e3       0x34 ./Drivers/STM32L4xx_HAL_Driver/Src/stm32l4xx_ll_spi.o
 .ARM.attributes
                0x0000000000000317       0x34 ./Drivers/STM32L4xx_HAL_Driver/Src/stm32l4xx_ll_usart.o
 .ARM.attributes
                0x000000000000034b       0x34 ./Drivers/STM32L4xx_HAL_Driver/Src/stm32l4xx_ll_utils.o
 .ARM.attributes
                0x000000000000037f       0x34 H:/STM32CubeIDE_1.14.1/STM32CubeIDE/plugins/com.st.stm32cube.ide.mcu.externaltools.gnu-tools-for-stm32.11.3.rel1.win32_1.1.100.202309141235/tools/bin/../lib/gcc/arm-none-eabi/11.3.1/../../../../arm-none-eabi/lib/thumb/v7e-m+fp/hard\libc_nano.a(libc_a-memset.o)
 .ARM.attributes
                0x00000000000003b3       0x34 H:/STM32CubeIDE_1.14.1/STM32CubeIDE/plugins/com.st.stm32cube.ide.mcu.externaltools.gnu-tools-for-stm32.11.3.rel1.win32_1.1.100.202309141235/tools/bin/../lib/gcc/arm-none-eabi/11.3.1/../../../../arm-none-eabi/lib/thumb/v7e-m+fp/hard\libc_nano.a(libc_a-init.o)
 .ARM.attributes
                0x00000000000003e7       0x1e H:/STM32CubeIDE_1.14.1/STM32CubeIDE/plugins/com.st.stm32cube.ide.mcu.externaltools.gnu-tools-for-stm32.11.3.rel1.win32_1.1.100.202309141235/tools/bin/../lib/gcc/arm-none-eabi/11.3.1/thumb/v7e-m+fp/hard/crtn.o
OUTPUT(STM32UNO.elf elf32-littlearm)
LOAD linker stubs
LOAD H:/STM32CubeIDE_1.14.1/STM32CubeIDE/plugins/com.st.stm32cube.ide.mcu.externaltools.gnu-tools-for-stm32.11.3.rel1.win32_1.1.100.202309141235/tools/bin/../lib/gcc/arm-none-eabi/11.3.1/../../../../arm-none-eabi/lib/thumb/v7e-m+fp/hard\libc.a
LOAD H:/STM32CubeIDE_1.14.1/STM32CubeIDE/plugins/com.st.stm32cube.ide.mcu.externaltools.gnu-tools-for-stm32.11.3.rel1.win32_1.1.100.202309141235/tools/bin/../lib/gcc/arm-none-eabi/11.3.1/../../../../arm-none-eabi/lib/thumb/v7e-m+fp/hard\libm.a
LOAD H:/STM32CubeIDE_1.14.1/STM32CubeIDE/plugins/com.st.stm32cube.ide.mcu.externaltools.gnu-tools-for-stm32.11.3.rel1.win32_1.1.100.202309141235/tools/bin/../lib/gcc/arm-none-eabi/11.3.1/thumb/v7e-m+fp/hard\libgcc.a

.comment        0x0000000000000000       0x43
 .comment       0x0000000000000000       0x43 H:/STM32CubeIDE_1.14.1/STM32CubeIDE/plugins/com.st.stm32cube.ide.mcu.externaltools.gnu-tools-for-stm32.11.3.rel1.win32_1.1.100.202309141235/tools/bin/../lib/gcc/arm-none-eabi/11.3.1/thumb/v7e-m+fp/hard/crtbegin.o
                                         0x44 (size before relaxing)
 .comment       0x0000000000000043       0x44 ./Core/MyLibraries/GPIO.o
 .comment       0x0000000000000043       0x44 ./Core/MyLibraries/SPI.o
 .comment       0x0000000000000043       0x44 ./Core/MyLibraries/USART.o
 .comment       0x0000000000000043       0x44 ./Core/Src/gpio.o
 .comment       0x0000000000000043       0x44 ./Core/Src/main.o
 .comment       0x0000000000000043       0x44 ./Core/Src/spi.o
 .comment       0x0000000000000043       0x44 ./Core/Src/stm32l4xx_it.o
 .comment       0x0000000000000043       0x44 ./Core/Src/system_stm32l4xx.o
 .comment       0x0000000000000043       0x44 ./Core/Src/usart.o
 .comment       0x0000000000000043       0x44 ./Drivers/STM32L4xx_HAL_Driver/Src/stm32l4xx_ll_exti.o
 .comment       0x0000000000000043       0x44 ./Drivers/STM32L4xx_HAL_Driver/Src/stm32l4xx_ll_gpio.o
 .comment       0x0000000000000043       0x44 ./Drivers/STM32L4xx_HAL_Driver/Src/stm32l4xx_ll_rcc.o
 .comment       0x0000000000000043       0x44 ./Drivers/STM32L4xx_HAL_Driver/Src/stm32l4xx_ll_spi.o
 .comment       0x0000000000000043       0x44 ./Drivers/STM32L4xx_HAL_Driver/Src/stm32l4xx_ll_usart.o
 .comment       0x0000000000000043       0x44 ./Drivers/STM32L4xx_HAL_Driver/Src/stm32l4xx_ll_utils.o

.debug_info     0x0000000000000000     0x822a
 .debug_info    0x0000000000000000      0x2aa ./Core/MyLibraries/GPIO.o
 .debug_info    0x00000000000002aa      0x50d ./Core/MyLibraries/SPI.o
 .debug_info    0x00000000000007b7      0x2bb ./Core/MyLibraries/USART.o
 .debug_info    0x0000000000000a72      0x803 ./Core/Src/gpio.o
 .debug_info    0x0000000000001275     0x12b6 ./Core/Src/main.o
 .debug_info    0x000000000000252b      0xcae ./Core/Src/spi.o
 .debug_info    0x00000000000031d9      0x7c6 ./Core/Src/stm32l4xx_it.o
 .debug_info    0x000000000000399f      0x5aa ./Core/Src/system_stm32l4xx.o
 .debug_info    0x0000000000003f49      0xd35 ./Core/Src/usart.o
 .debug_info    0x0000000000004c7e       0x23 ./Core/Startup/startup_stm32l476rgtx.o
 .debug_info    0x0000000000004ca1      0x4cd ./Drivers/STM32L4xx_HAL_Driver/Src/stm32l4xx_ll_exti.o
 .debug_info    0x000000000000516e      0x94b ./Drivers/STM32L4xx_HAL_Driver/Src/stm32l4xx_ll_gpio.o
 .debug_info    0x0000000000005ab9      0xe40 ./Drivers/STM32L4xx_HAL_Driver/Src/stm32l4xx_ll_rcc.o
 .debug_info    0x00000000000068f9      0x56e ./Drivers/STM32L4xx_HAL_Driver/Src/stm32l4xx_ll_spi.o
 .debug_info    0x0000000000006e67      0x785 ./Drivers/STM32L4xx_HAL_Driver/Src/stm32l4xx_ll_usart.o
 .debug_info    0x00000000000075ec      0xc3e ./Drivers/STM32L4xx_HAL_Driver/Src/stm32l4xx_ll_utils.o

.debug_abbrev   0x0000000000000000     0x1b8b
 .debug_abbrev  0x0000000000000000      0x14f ./Core/MyLibraries/GPIO.o
 .debug_abbrev  0x000000000000014f      0x1ab ./Core/MyLibraries/SPI.o
 .debug_abbrev  0x00000000000002fa      0x12e ./Core/MyLibraries/USART.o
 .debug_abbrev  0x0000000000000428      0x216 ./Core/Src/gpio.o
 .debug_abbrev  0x000000000000063e      0x2b6 ./Core/Src/main.o
 .debug_abbrev  0x00000000000008f4      0x1f8 ./Core/Src/spi.o
 .debug_abbrev  0x0000000000000aec      0x1ed ./Core/Src/stm32l4xx_it.o
 .debug_abbrev  0x0000000000000cd9      0x11a ./Core/Src/system_stm32l4xx.o
 .debug_abbrev  0x0000000000000df3      0x1f7 ./Core/Src/usart.o
 .debug_abbrev  0x0000000000000fea       0x12 ./Core/Startup/startup_stm32l476rgtx.o
 .debug_abbrev  0x0000000000000ffc      0x188 ./Drivers/STM32L4xx_HAL_Driver/Src/stm32l4xx_ll_exti.o
 .debug_abbrev  0x0000000000001184      0x235 ./Drivers/STM32L4xx_HAL_Driver/Src/stm32l4xx_ll_gpio.o
 .debug_abbrev  0x00000000000013b9      0x221 ./Drivers/STM32L4xx_HAL_Driver/Src/stm32l4xx_ll_rcc.o
 .debug_abbrev  0x00000000000015da      0x186 ./Drivers/STM32L4xx_HAL_Driver/Src/stm32l4xx_ll_spi.o
 .debug_abbrev  0x0000000000001760      0x1cc ./Drivers/STM32L4xx_HAL_Driver/Src/stm32l4xx_ll_usart.o
 .debug_abbrev  0x000000000000192c      0x25f ./Drivers/STM32L4xx_HAL_Driver/Src/stm32l4xx_ll_utils.o

.debug_aranges  0x0000000000000000      0xa00
 .debug_aranges
                0x0000000000000000       0x40 ./Core/MyLibraries/GPIO.o
 .debug_aranges
                0x0000000000000040       0xa0 ./Core/MyLibraries/SPI.o
 .debug_aranges
                0x00000000000000e0       0x40 ./Core/MyLibraries/USART.o
 .debug_aranges
                0x0000000000000120       0x48 ./Core/Src/gpio.o
 .debug_aranges
                0x0000000000000168      0x108 ./Core/Src/main.o
 .debug_aranges
                0x0000000000000270       0x60 ./Core/Src/spi.o
 .debug_aranges
                0x00000000000002d0       0xa8 ./Core/Src/stm32l4xx_it.o
 .debug_aranges
                0x0000000000000378       0x28 ./Core/Src/system_stm32l4xx.o
 .debug_aranges
                0x00000000000003a0       0x68 ./Core/Src/usart.o
 .debug_aranges
                0x0000000000000408       0x28 ./Core/Startup/startup_stm32l476rgtx.o
 .debug_aranges
                0x0000000000000430       0xb0 ./Drivers/STM32L4xx_HAL_Driver/Src/stm32l4xx_ll_exti.o
 .debug_aranges
                0x00000000000004e0       0x70 ./Drivers/STM32L4xx_HAL_Driver/Src/stm32l4xx_ll_gpio.o
 .debug_aranges
                0x0000000000000550      0x288 ./Drivers/STM32L4xx_HAL_Driver/Src/stm32l4xx_ll_rcc.o
 .debug_aranges
                0x00000000000007d8       0x68 ./Drivers/STM32L4xx_HAL_Driver/Src/stm32l4xx_ll_spi.o
 .debug_aranges
                0x0000000000000840       0x88 ./Drivers/STM32L4xx_HAL_Driver/Src/stm32l4xx_ll_usart.o
 .debug_aranges
                0x00000000000008c8      0x138 ./Drivers/STM32L4xx_HAL_Driver/Src/stm32l4xx_ll_utils.o

.debug_rnglists
                0x0000000000000000      0x755
 .debug_rnglists
                0x0000000000000000       0x2b ./Core/MyLibraries/GPIO.o
 .debug_rnglists
                0x000000000000002b       0x74 ./Core/MyLibraries/SPI.o
 .debug_rnglists
                0x000000000000009f       0x2b ./Core/MyLibraries/USART.o
 .debug_rnglists
                0x00000000000000ca       0x32 ./Core/Src/gpio.o
 .debug_rnglists
                0x00000000000000fc       0xc2 ./Core/Src/main.o
 .debug_rnglists
                0x00000000000001be       0x44 ./Core/Src/spi.o
 .debug_rnglists
                0x0000000000000202       0x7b ./Core/Src/stm32l4xx_it.o
 .debug_rnglists
                0x000000000000027d       0x1a ./Core/Src/system_stm32l4xx.o
 .debug_rnglists
                0x0000000000000297       0x4a ./Core/Src/usart.o
 .debug_rnglists
                0x00000000000002e1       0x19 ./Core/Startup/startup_stm32l476rgtx.o
 .debug_rnglists
                0x00000000000002fa       0x80 ./Drivers/STM32L4xx_HAL_Driver/Src/stm32l4xx_ll_exti.o
 .debug_rnglists
                0x000000000000037a       0x51 ./Drivers/STM32L4xx_HAL_Driver/Src/stm32l4xx_ll_gpio.o
 .debug_rnglists
                0x00000000000003cb      0x1f5 ./Drivers/STM32L4xx_HAL_Driver/Src/stm32l4xx_ll_rcc.o
 .debug_rnglists
                0x00000000000005c0       0x4a ./Drivers/STM32L4xx_HAL_Driver/Src/stm32l4xx_ll_spi.o
 .debug_rnglists
                0x000000000000060a       0x63 ./Drivers/STM32L4xx_HAL_Driver/Src/stm32l4xx_ll_usart.o
 .debug_rnglists
                0x000000000000066d       0xe8 ./Drivers/STM32L4xx_HAL_Driver/Src/stm32l4xx_ll_utils.o

.debug_macro    0x0000000000000000    0x20b52
 .debug_macro   0x0000000000000000      0x15d ./Core/MyLibraries/GPIO.o
 .debug_macro   0x000000000000015d      0xaf6 ./Core/MyLibraries/GPIO.o
 .debug_macro   0x0000000000000c53       0x2e ./Core/MyLibraries/GPIO.o
 .debug_macro   0x0000000000000c81       0x28 ./Core/MyLibraries/GPIO.o
 .debug_macro   0x0000000000000ca9       0x22 ./Core/MyLibraries/GPIO.o
 .debug_macro   0x0000000000000ccb       0x8e ./Core/MyLibraries/GPIO.o
 .debug_macro   0x0000000000000d59       0x51 ./Core/MyLibraries/GPIO.o
 .debug_macro   0x0000000000000daa      0x103 ./Core/MyLibraries/GPIO.o
 .debug_macro   0x0000000000000ead       0x6a ./Core/MyLibraries/GPIO.o
 .debug_macro   0x0000000000000f17      0x1df ./Core/MyLibraries/GPIO.o
 .debug_macro   0x00000000000010f6       0x1c ./Core/MyLibraries/GPIO.o
 .debug_macro   0x0000000000001112       0x22 ./Core/MyLibraries/GPIO.o
 .debug_macro   0x0000000000001134       0xfb ./Core/MyLibraries/GPIO.o
 .debug_macro   0x000000000000122f     0x1011 ./Core/MyLibraries/GPIO.o
 .debug_macro   0x0000000000002240      0x11f ./Core/MyLibraries/GPIO.o
 .debug_macro   0x000000000000235f    0x1a17a ./Core/MyLibraries/GPIO.o
 .debug_macro   0x000000000001c4d9       0x6d ./Core/MyLibraries/GPIO.o
 .debug_macro   0x000000000001c546      0x716 ./Core/MyLibraries/GPIO.o
 .debug_macro   0x000000000001cc5c      0x1bf ./Core/MyLibraries/GPIO.o
 .debug_macro   0x000000000001ce1b      0x2f5 ./Core/MyLibraries/GPIO.o
 .debug_macro   0x000000000001d110      0x163 ./Core/MyLibraries/GPIO.o
 .debug_macro   0x000000000001d273      0x1a6 ./Core/MyLibraries/GPIO.o
 .debug_macro   0x000000000001d419       0xa7 ./Core/MyLibraries/GPIO.o
 .debug_macro   0x000000000001d4c0      0x20d ./Core/MyLibraries/GPIO.o
 .debug_macro   0x000000000001d6cd      0x2cb ./Core/MyLibraries/GPIO.o
 .debug_macro   0x000000000001d998      0x1d2 ./Core/MyLibraries/GPIO.o
 .debug_macro   0x000000000001db6a      0x2f7 ./Core/MyLibraries/GPIO.o
 .debug_macro   0x000000000001de61      0x169 ./Core/MyLibraries/GPIO.o
 .debug_macro   0x000000000001dfca       0x46 ./Core/MyLibraries/GPIO.o
 .debug_macro   0x000000000001e010       0x22 ./Core/MyLibraries/GPIO.o
 .debug_macro   0x000000000001e032      0x16d ./Core/MyLibraries/SPI.o
 .debug_macro   0x000000000001e19f      0x154 ./Core/MyLibraries/USART.o
 .debug_macro   0x000000000001e2f3      0x154 ./Core/Src/gpio.o
 .debug_macro   0x000000000001e447      0x266 ./Core/Src/main.o
 .debug_macro   0x000000000001e6ad       0x61 ./Core/Src/main.o
 .debug_macro   0x000000000001e70e       0x2a ./Core/Src/main.o
 .debug_macro   0x000000000001e738       0x43 ./Core/Src/main.o
 .debug_macro   0x000000000001e77b       0x34 ./Core/Src/main.o
 .debug_macro   0x000000000001e7af      0x174 ./Core/Src/main.o
 .debug_macro   0x000000000001e923       0x16 ./Core/Src/main.o
 .debug_macro   0x000000000001e939       0x43 ./Core/Src/main.o
 .debug_macro   0x000000000001e97c       0x34 ./Core/Src/main.o
 .debug_macro   0x000000000001e9b0       0x10 ./Core/Src/main.o
 .debug_macro   0x000000000001e9c0       0x58 ./Core/Src/main.o
 .debug_macro   0x000000000001ea18       0x8e ./Core/Src/main.o
 .debug_macro   0x000000000001eaa6       0x1c ./Core/Src/main.o
 .debug_macro   0x000000000001eac2      0x177 ./Core/Src/main.o
 .debug_macro   0x000000000001ec39      0x369 ./Core/Src/main.o
 .debug_macro   0x000000000001efa2       0x10 ./Core/Src/main.o
 .debug_macro   0x000000000001efb2       0x35 ./Core/Src/main.o
 .debug_macro   0x000000000001efe7       0x20 ./Core/Src/main.o
 .debug_macro   0x000000000001f007      0x154 ./Core/Src/spi.o
 .debug_macro   0x000000000001f15b      0x168 ./Core/Src/stm32l4xx_it.o
 .debug_macro   0x000000000001f2c3       0xce ./Core/Src/system_stm32l4xx.o
 .debug_macro   0x000000000001f391      0x154 ./Core/Src/usart.o
 .debug_macro   0x000000000001f4e5       0xfb ./Drivers/STM32L4xx_HAL_Driver/Src/stm32l4xx_ll_exti.o
 .debug_macro   0x000000000001f5e0      0x15d ./Drivers/STM32L4xx_HAL_Driver/Src/stm32l4xx_ll_exti.o
 .debug_macro   0x000000000001f73d      0x110 ./Drivers/STM32L4xx_HAL_Driver/Src/stm32l4xx_ll_gpio.o
 .debug_macro   0x000000000001f84d      0x163 ./Drivers/STM32L4xx_HAL_Driver/Src/stm32l4xx_ll_gpio.o
 .debug_macro   0x000000000001f9b0      0x12b ./Drivers/STM32L4xx_HAL_Driver/Src/stm32l4xx_ll_rcc.o
 .debug_macro   0x000000000001fadb      0x710 ./Drivers/STM32L4xx_HAL_Driver/Src/stm32l4xx_ll_rcc.o
 .debug_macro   0x00000000000201eb      0x12e ./Drivers/STM32L4xx_HAL_Driver/Src/stm32l4xx_ll_spi.o
 .debug_macro   0x0000000000020319      0x1cc ./Drivers/STM32L4xx_HAL_Driver/Src/stm32l4xx_ll_spi.o
 .debug_macro   0x00000000000204e5      0x13d ./Drivers/STM32L4xx_HAL_Driver/Src/stm32l4xx_ll_usart.o
 .debug_macro   0x0000000000020622      0x2f1 ./Drivers/STM32L4xx_HAL_Driver/Src/stm32l4xx_ll_usart.o
 .debug_macro   0x0000000000020913      0x19e ./Drivers/STM32L4xx_HAL_Driver/Src/stm32l4xx_ll_utils.o
 .debug_macro   0x0000000000020ab1       0xa1 ./Drivers/STM32L4xx_HAL_Driver/Src/stm32l4xx_ll_utils.o

.debug_line     0x0000000000000000     0x8c62
 .debug_line    0x0000000000000000      0x6b0 ./Core/MyLibraries/GPIO.o
 .debug_line    0x00000000000006b0      0x8a1 ./Core/MyLibraries/SPI.o
 .debug_line    0x0000000000000f51      0x6d2 ./Core/MyLibraries/USART.o
 .debug_line    0x0000000000001623      0x798 ./Core/Src/gpio.o
 .debug_line    0x0000000000001dbb      0xc6b ./Core/Src/main.o
 .debug_line    0x0000000000002a26      0x7d9 ./Core/Src/spi.o
 .debug_line    0x00000000000031ff      0xa36 ./Core/Src/stm32l4xx_it.o
 .debug_line    0x0000000000003c35      0x584 ./Core/Src/system_stm32l4xx.o
 .debug_line    0x00000000000041b9      0x7dc ./Core/Src/usart.o
 .debug_line    0x0000000000004995       0x7a ./Core/Startup/startup_stm32l476rgtx.o
 .debug_line    0x0000000000004a0f      0x784 ./Drivers/STM32L4xx_HAL_Driver/Src/stm32l4xx_ll_exti.o
 .debug_line    0x0000000000005193      0x837 ./Drivers/STM32L4xx_HAL_Driver/Src/stm32l4xx_ll_gpio.o
 .debug_line    0x00000000000059ca     0x18c2 ./Drivers/STM32L4xx_HAL_Driver/Src/stm32l4xx_ll_rcc.o
 .debug_line    0x000000000000728c      0x695 ./Drivers/STM32L4xx_HAL_Driver/Src/stm32l4xx_ll_spi.o
 .debug_line    0x0000000000007921      0x790 ./Drivers/STM32L4xx_HAL_Driver/Src/stm32l4xx_ll_usart.o
 .debug_line    0x00000000000080b1      0xbb1 ./Drivers/STM32L4xx_HAL_Driver/Src/stm32l4xx_ll_utils.o

.debug_str      0x0000000000000000    0xb2124
 .debug_str     0x0000000000000000    0xaa3f1 ./Core/MyLibraries/GPIO.o
                                      0xaa592 (size before relaxing)
 .debug_str     0x00000000000aa3f1      0x1dd ./Core/MyLibraries/SPI.o
                                      0xaa6ec (size before relaxing)
 .debug_str     0x00000000000aa5ce       0xf8 ./Core/MyLibraries/USART.o
                                      0xaa568 (size before relaxing)
 .debug_str     0x00000000000aa6c6      0x2bc ./Core/Src/gpio.o
                                      0xaa7de (size before relaxing)
 .debug_str     0x00000000000aa982     0x3cd3 ./Core/Src/main.o
                                      0xae5e9 (size before relaxing)
 .debug_str     0x00000000000ae655       0xc2 ./Core/Src/spi.o
                                      0xaade2 (size before relaxing)
 .debug_str     0x00000000000ae717      0x174 ./Core/Src/stm32l4xx_it.o
                                      0xaa78e (size before relaxing)
 .debug_str     0x00000000000ae88b       0x8e ./Core/Src/system_stm32l4xx.o
                                      0x9ec14 (size before relaxing)
 .debug_str     0x00000000000ae919       0xca ./Core/Src/usart.o
                                      0xaae14 (size before relaxing)
 .debug_str     0x00000000000ae9e3       0x34 ./Core/Startup/startup_stm32l476rgtx.o
                                         0x71 (size before relaxing)
 .debug_str     0x00000000000aea17      0x4a0 ./Drivers/STM32L4xx_HAL_Driver/Src/stm32l4xx_ll_exti.o
                                      0x9f606 (size before relaxing)
 .debug_str     0x00000000000aeeb7      0x624 ./Drivers/STM32L4xx_HAL_Driver/Src/stm32l4xx_ll_gpio.o
                                      0xa05d6 (size before relaxing)
 .debug_str     0x00000000000af4db      0xdd6 ./Drivers/STM32L4xx_HAL_Driver/Src/stm32l4xx_ll_rcc.o
                                      0xa3416 (size before relaxing)
 .debug_str     0x00000000000b02b1      0x997 ./Drivers/STM32L4xx_HAL_Driver/Src/stm32l4xx_ll_spi.o
                                      0xa0c9e (size before relaxing)
 .debug_str     0x00000000000b0c48      0x7e7 ./Drivers/STM32L4xx_HAL_Driver/Src/stm32l4xx_ll_usart.o
                                      0xa4b09 (size before relaxing)
 .debug_str     0x00000000000b142f      0xcf5 ./Drivers/STM32L4xx_HAL_Driver/Src/stm32l4xx_ll_utils.o
                                      0xa5914 (size before relaxing)

.debug_frame    0x0000000000000000     0x2854
 .debug_frame   0x0000000000000000       0xd0 ./Core/MyLibraries/GPIO.o
 .debug_frame   0x00000000000000d0      0x2a4 ./Core/MyLibraries/SPI.o
 .debug_frame   0x0000000000000374       0xcc ./Core/MyLibraries/USART.o
 .debug_frame   0x0000000000000440       0xfc ./Core/Src/gpio.o
 .debug_frame   0x000000000000053c      0x458 ./Core/Src/main.o
 .debug_frame   0x0000000000000994      0x16c ./Core/Src/spi.o
 .debug_frame   0x0000000000000b00      0x2c8 ./Core/Src/stm32l4xx_it.o
 .debug_frame   0x0000000000000dc8       0x58 ./Core/Src/system_stm32l4xx.o
 .debug_frame   0x0000000000000e20      0x194 ./Core/Src/usart.o
 .debug_frame   0x0000000000000fb4      0x2fc ./Drivers/STM32L4xx_HAL_Driver/Src/stm32l4xx_ll_exti.o
 .debug_frame   0x00000000000012b0      0x1c0 ./Drivers/STM32L4xx_HAL_Driver/Src/stm32l4xx_ll_gpio.o
 .debug_frame   0x0000000000001470      0xad0 ./Drivers/STM32L4xx_HAL_Driver/Src/stm32l4xx_ll_rcc.o
 .debug_frame   0x0000000000001f40      0x198 ./Drivers/STM32L4xx_HAL_Driver/Src/stm32l4xx_ll_spi.o
 .debug_frame   0x00000000000020d8      0x234 ./Drivers/STM32L4xx_HAL_Driver/Src/stm32l4xx_ll_usart.o
 .debug_frame   0x000000000000230c      0x4fc ./Drivers/STM32L4xx_HAL_Driver/Src/stm32l4xx_ll_utils.o
 .debug_frame   0x0000000000002808       0x20 H:/STM32CubeIDE_1.14.1/STM32CubeIDE/plugins/com.st.stm32cube.ide.mcu.externaltools.gnu-tools-for-stm32.11.3.rel1.win32_1.1.100.202309141235/tools/bin/../lib/gcc/arm-none-eabi/11.3.1/../../../../arm-none-eabi/lib/thumb/v7e-m+fp/hard\libc_nano.a(libc_a-memset.o)
 .debug_frame   0x0000000000002828       0x2c H:/STM32CubeIDE_1.14.1/STM32CubeIDE/plugins/com.st.stm32cube.ide.mcu.externaltools.gnu-tools-for-stm32.11.3.rel1.win32_1.1.100.202309141235/tools/bin/../lib/gcc/arm-none-eabi/11.3.1/../../../../arm-none-eabi/lib/thumb/v7e-m+fp/hard\libc_nano.a(libc_a-init.o)

.debug_line_str
                0x0000000000000000       0x65
 .debug_line_str
                0x0000000000000000       0x65 ./Core/Startup/startup_stm32l476rgtx.o
                                         0x7d (size before relaxing)
